18:32:53 **** Incremental Build of configuration Debug for project EXERCISE7 ****
make -j8 all 
arm-none-eabi-gcc "../Core/Src/main.c" -mcpu=cortex-m3 -std=gnu11 -g3 -DDEBUG -DUSE_HAL_DRIVER -DSTM32F103x6 -c -I../Core/Inc -I../Drivers/STM32F1xx_HAL_Driver/Inc -I../Drivers/STM32F1xx_HAL_Driver/Inc/Legacy -I../Drivers/CMSIS/Device/ST/STM32F1xx/Include -I../Drivers/CMSIS/Include -O0 -ffunction-sections -fdata-sections -Wall -fstack-usage -MMD -MP -MF"Core/Src/main.d" -MT"Core/Src/main.o" --specs=nano.specs -mfloat-abi=soft -mthumb -o "Core/Src/main.o"
../Core/Src/main.c:324:8: warning: 'clearNumberOnClock' defined but not used [-Wunused-function]
  324 |   void clearNumberOnClock(int num) {
      |        ^~~~~~~~~~~~~~~~~~
../Core/Src/main.c:91:8: warning: 'checkLed' defined but not used [-Wunused-function]
   91 |   void checkLed(int num){
      |        ^~~~~~~~
arm-none-eabi-gcc -o "EXERCISE7.elf" @"objects.list"   -mcpu=cortex-m3 -T"C:\Users\Admin\Desktop\VXL\HK231\LAB1\EXERCISE 7\SOURCE CODE\EXERCISE7\STM32F103C6TX_FLASH.ld" --specs=nosys.specs -Wl,-Map="EXERCISE7.map" -Wl,--gc-sections -static --specs=nano.specs -mfloat-abi=soft -mthumb -Wl,--start-group -lc -lm -Wl,--end-group
Finished building target: EXERCISE7.elf
 
arm-none-eabi-size   EXERCISE7.elf 
arm-none-eabi-objdump -h -S  EXERCISE7.elf  > "EXERCISE7.list"
arm-none-eabi-objcopy  -O ihex  EXERCISE7.elf  "EXERCISE7.hex"
   text	   data	    bss	    dec	    hex	filename
   5128	     32	   1568	   6728	   1a48	EXERCISE7.elf
arm-none-eabi-objcopy  -O binary  EXERCISE7.elf  "EXERCISE7.bin"
Finished building: default.size.stdout
 
Finished building: EXERCISE7.hex
Finished building: EXERCISE7.bin
Finished building: EXERCISE7.list
 
 
 
