00:24:07 **** Incremental Build of configuration Debug for project EXERCISE5NEW ****
make -j8 all 
arm-none-eabi-gcc "../Core/Src/main.c" -mcpu=cortex-m3 -std=gnu11 -g3 -DDEBUG -DUSE_HAL_DRIVER -DSTM32F103x6 -c -I../Core/Inc -I../Drivers/STM32F1xx_HAL_Driver/Inc -I../Drivers/STM32F1xx_HAL_Driver/Inc/Legacy -I../Drivers/CMSIS/Device/ST/STM32F1xx/Include -I../Drivers/CMSIS/Include -O0 -ffunction-sections -fdata-sections -Wall -fstack-usage -MMD -MP -MF"Core/Src/main.d" -MT"Core/Src/main.o" --specs=nano.specs -mfloat-abi=soft -mthumb -o "Core/Src/main.o"
arm-none-eabi-gcc -o "EXERCISE5NEW.elf" @"objects.list"   -mcpu=cortex-m3 -T"C:\Users\Admin\Desktop\VXL\HK231\LAB1\EXERCISE 5\SOURCE CODE\EXERCISE5NEW\STM32F103C6TX_FLASH.ld" --specs=nosys.specs -Wl,-Map="EXERCISE5NEW.map" -Wl,--gc-sections -static --specs=nano.specs -mfloat-abi=soft -mthumb -Wl,--start-group -lc -lm -Wl,--end-group
Finished building target: EXERCISE5NEW.elf
 
arm-none-eabi-size   EXERCISE5NEW.elf 
arm-none-eabi-objdump -h -S  EXERCISE5NEW.elf  > "EXERCISE5NEW.list"
arm-none-eabi-objcopy  -O ihex  EXERCISE5NEW.elf  "EXERCISE5NEW.hex"
   text	   data	    bss	    dec	    hex	filename
   5528	     20	   1572	   7120	   1bd0	EXERCISE5NEW.elf
arm-none-eabi-objcopy  -O binary  EXERCISE5NEW.elf  "EXERCISE5NEW.bin"
Finished building: default.size.stdout
 
Finished building: EXERCISE5NEW.hex
Finished building: EXERCISE5NEW.bin
 
Finished building: EXERCISE5NEW.list
 
 
