15:10:47 **** Incremental Build of configuration Debug for project EXERCISE 3 ****
make -j8 all 
arm-none-eabi-gcc "../Core/Src/main.c" -mcpu=cortex-m3 -std=gnu11 -g3 -DDEBUG -DUSE_HAL_DRIVER -DSTM32F103x6 -c -I../Core/Inc -I../Drivers/STM32F1xx_HAL_Driver/Inc -I../Drivers/STM32F1xx_HAL_Driver/Inc/Legacy -I../Drivers/CMSIS/Device/ST/STM32F1xx/Include -I../Drivers/CMSIS/Include -O0 -ffunction-sections -fdata-sections -Wall -fstack-usage -MMD -MP -MF"Core/Src/main.d" -MT"Core/Src/main.o" --specs=nano.specs -mfloat-abi=soft -mthumb -o "Core/Src/main.o"
arm-none-eabi-gcc -o "EXERCISE 3.elf" @"objects.list"   -mcpu=cortex-m3 -T"C:\Users\Admin\Desktop\VXL\HK231\LAB1\EXERCISE 3\SOURCE CODE\EXERCISE 3\STM32F103C6TX_FLASH.ld" --specs=nosys.specs -Wl,-Map="EXERCISE 3.map" -Wl,--gc-sections -static --specs=nano.specs -mfloat-abi=soft -mthumb -Wl,--start-group -lc -lm -Wl,--end-group
Finished building target: EXERCISE 3.elf
 
arm-none-eabi-size   EXERCISE\ 3.elf 
arm-none-eabi-objdump -h -S  EXERCISE\ 3.elf  > "EXERCISE 3.list"
arm-none-eabi-objcopy  -O ihex  EXERCISE\ 3.elf  "EXERCISE 3.hex"
arm-none-eabi-objcopy  -O binary  EXERCISE\ 3.elf  "EXERCISE 3.bin"
   text	   data	    bss	    dec	    hex	filename
   4836	     20	   1572	   6428	   191c	EXERCISE 3.elf
Finished building: default.size.stdout
 
Finished building: EXERCISE 3.hex
Finished building: EXERCISE 3.bin
 
 
Finished building: EXERCISE 3.list
 

15:10:52 Build Finished. 0 errors, 0 warnings. (took 4s.469ms)

